ans500	{builtin_video:{},capabilities:{audio_in:boolean,aux_cpus:[],cpu:{address_bits:number,fpu:boolean,model:number},mmu:{kind:string,present:boolean},nubus:boolean,pci:boolean,video_in:boolean},cdrom_id:number,floppy_slots:[],freq:number,has_cdrom:boolean,hd_bus:string,id:string,name:string,pci_slots:[{bus:number,cards:[{class:string,display_name:string,id:string,monitors:[],options:[],requires_prom:boolean}],default_card:string,device:number,fallback:boolean,fixed:boolean,irq:number,label:string,slot:number}|{bus:number,cards:[{class:string,display_name:string,id:string,monitors:[{depths:[number],height:number,id:string,name:string,width:number}],options:[{default_value:string,key:string,label:string,values:[{id:string,label:string}]}],requires_prom:boolean}],default_card:string,device:number,fallback:boolean,fixed:boolean,irq:number,label:string,slot:number}],ram_default:number,ram_max:number,ram_options:[number],scsi_slots:[{id:number,label:string}],video_slots:[]}
ans700	{builtin_video:{},capabilities:{audio_in:boolean,aux_cpus:[],cpu:{address_bits:number,fpu:boolean,model:number},mmu:{kind:string,present:boolean},nubus:boolean,pci:boolean,video_in:boolean},cdrom_id:number,floppy_slots:[],freq:number,has_cdrom:boolean,hd_bus:string,id:string,name:string,pci_slots:[{bus:number,cards:[{class:string,display_name:string,id:string,monitors:[],options:[],requires_prom:boolean}],default_card:string,device:number,fallback:boolean,fixed:boolean,irq:number,label:string,slot:number}|{bus:number,cards:[{class:string,display_name:string,id:string,monitors:[{depths:[number],height:number,id:string,name:string,width:number}],options:[{default_value:string,key:string,label:string,values:[{id:string,label:string}]}],requires_prom:boolean}],default_card:string,device:number,fallback:boolean,fixed:boolean,irq:number,label:string,slot:number}],ram_default:number,ram_max:number,ram_options:[number],scsi_slots:[{id:number,label:string}],video_slots:[]}
iici	{builtin_video:{},capabilities:{audio_in:boolean,aux_cpus:[],cpu:{address_bits:number,fpu:boolean,model:number},mmu:{kind:string,present:boolean},nubus:boolean,pci:boolean,video_in:boolean},cdrom_id:number,floppy_slots:[{kind:string,label:string}],freq:number,has_cdrom:boolean,hd_bus:string,id:string,name:string,pci_slots:[],ram_default:number,ram_max:number,ram_options:[number],scsi_slots:[{id:number,label:string}],video_slots:[{cards:[{display_name:string,id:string,monitors:[{depths:[number],height:number,id:string,name:string,width:number}],requires_vrom:boolean}],default_card:string,fixed:boolean,slot:string}]}
iicx	{builtin_video:{},capabilities:{audio_in:boolean,aux_cpus:[],cpu:{address_bits:number,fpu:boolean,model:number},mmu:{kind:string,present:boolean},nubus:boolean,pci:boolean,video_in:boolean},cdrom_id:number,floppy_slots:[{kind:string,label:string}],freq:number,has_cdrom:boolean,hd_bus:string,id:string,name:string,pci_slots:[],ram_default:number,ram_max:number,ram_options:[number],scsi_slots:[{id:number,label:string}],video_slots:[{cards:[{display_name:string,id:string,monitors:[{depths:[number],height:number,id:string,name:string,width:number}],requires_vrom:boolean}],default_card:string,fixed:boolean,slot:string}]}
iifx	{builtin_video:{},capabilities:{audio_in:boolean,aux_cpus:[],cpu:{address_bits:number,fpu:boolean,model:number},mmu:{kind:string,present:boolean},nubus:boolean,pci:boolean,video_in:boolean},cdrom_id:number,floppy_slots:[{kind:string,label:string}],freq:number,has_cdrom:boolean,hd_bus:string,id:string,name:string,pci_slots:[],ram_default:number,ram_max:number,ram_options:[number],scsi_slots:[{id:number,label:string}],video_slots:[{cards:[{display_name:string,id:string,monitors:[{depths:[number],height:number,id:string,name:string,width:number}],requires_vrom:boolean}],default_card:string,fixed:boolean,slot:string}]}
iisi	{builtin_video:{},capabilities:{audio_in:boolean,aux_cpus:[],cpu:{address_bits:number,fpu:boolean,model:number},mmu:{kind:string,present:boolean},nubus:boolean,pci:boolean,video_in:boolean},cdrom_id:number,floppy_slots:[{kind:string,label:string}],freq:number,has_cdrom:boolean,hd_bus:string,id:string,name:string,pci_slots:[],ram_default:number,ram_max:number,ram_options:[number],scsi_slots:[{id:number,label:string}],video_slots:[{cards:[{display_name:string,id:string,monitors:[{depths:[number],height:number,id:string,name:string,width:number}],requires_vrom:boolean}],default_card:string,fixed:boolean,slot:string}]}
iix	{builtin_video:{},capabilities:{audio_in:boolean,aux_cpus:[],cpu:{address_bits:number,fpu:boolean,model:number},mmu:{kind:string,present:boolean},nubus:boolean,pci:boolean,video_in:boolean},cdrom_id:number,floppy_slots:[{kind:string,label:string}],freq:number,has_cdrom:boolean,hd_bus:string,id:string,name:string,pci_slots:[],ram_default:number,ram_max:number,ram_options:[number],scsi_slots:[{id:number,label:string}],video_slots:[{cards:[{display_name:string,id:string,monitors:[{depths:[number],height:number,id:string,name:string,width:number}],requires_vrom:boolean}],default_card:string,fixed:boolean,slot:string}]}
lisa	{builtin_video:{},capabilities:{audio_in:boolean,aux_cpus:[],cpu:{address_bits:number,fpu:boolean,model:number},mmu:{kind:string,present:boolean},nubus:boolean,pci:boolean,video_in:boolean},cdrom_id:number,floppy_slots:[{kind:string,label:string}],freq:number,has_cdrom:boolean,hd_bus:string,id:string,name:string,pci_slots:[],ram_default:number,ram_max:number,ram_options:[number],scsi_slots:[],video_slots:[]}
macxl	{builtin_video:{},capabilities:{audio_in:boolean,aux_cpus:[],cpu:{address_bits:number,fpu:boolean,model:number},mmu:{kind:string,present:boolean},nubus:boolean,pci:boolean,video_in:boolean},cdrom_id:number,floppy_slots:[{kind:string,label:string}],freq:number,has_cdrom:boolean,hd_bus:string,id:string,name:string,pci_slots:[],ram_default:number,ram_max:number,ram_options:[number],scsi_slots:[],video_slots:[]}
plus	{builtin_video:{},capabilities:{audio_in:boolean,aux_cpus:[],cpu:{address_bits:number,fpu:boolean,model:number},mmu:{kind:string,present:boolean},nubus:boolean,pci:boolean,video_in:boolean},cdrom_id:number,floppy_slots:[{kind:string,label:string}],freq:number,has_cdrom:boolean,hd_bus:string,id:string,name:string,pci_slots:[],ram_default:number,ram_max:number,ram_options:[number],scsi_slots:[{id:number,label:string}],video_slots:[]}
pm6100	{builtin_video:{display_name:string,id:string,monitors:[{id:string,name:string}]},capabilities:{audio_in:boolean,aux_cpus:[],cpu:{address_bits:number,fpu:boolean,model:number},mmu:{kind:string,present:boolean},nubus:boolean,pci:boolean,video_in:boolean},cdrom_id:number,floppy_slots:[{kind:string,label:string}],freq:number,has_cdrom:boolean,hd_bus:string,id:string,name:string,pci_slots:[],ram_default:number,ram_max:number,ram_options:[number],scsi_slots:[{id:number,label:string}],video_slots:[]}
pm7100	{builtin_video:{display_name:string,id:string,monitors:[{id:string,name:string}]},capabilities:{audio_in:boolean,aux_cpus:[],cpu:{address_bits:number,fpu:boolean,model:number},mmu:{kind:string,present:boolean},nubus:boolean,pci:boolean,video_in:boolean},cdrom_id:number,floppy_slots:[{kind:string,label:string}],freq:number,has_cdrom:boolean,hd_bus:string,id:string,name:string,pci_slots:[],ram_default:number,ram_max:number,ram_options:[number],scsi_slots:[{id:number,label:string}],video_slots:[{cards:[{display_name:string,id:string,monitors:[{depths:[number],height:number,id:string,name:string,width:number}],requires_vrom:boolean}],default_card:string,fixed:boolean,slot:string}]}
pm7500	{builtin_video:{},capabilities:{audio_in:boolean,aux_cpus:[],cpu:{address_bits:number,fpu:boolean,model:number},mmu:{kind:string,present:boolean},nubus:boolean,pci:boolean,video_in:boolean},cdrom_id:number,floppy_slots:[],freq:number,has_cdrom:boolean,hd_bus:string,id:string,name:string,pci_slots:[{bus:number,cards:[{class:string,display_name:string,id:string,monitors:[],options:[],requires_prom:boolean}],default_card:string,device:number,fallback:boolean,fixed:boolean,irq:number,label:string,slot:number}|{bus:number,cards:[{class:string,display_name:string,id:string,monitors:[{depths:[number],height:number,id:string,name:string,width:number}],options:[{default_value:string,key:string,label:string,values:[{id:string,label:string}]}],requires_prom:boolean}],default_card:string,device:number,fallback:boolean,fixed:boolean,irq:number,label:string,slot:number}],ram_default:number,ram_max:number,ram_options:[number],scsi_slots:[{id:number,label:string}],video_slots:[]}
pm8100	{builtin_video:{display_name:string,id:string,monitors:[{id:string,name:string}]},capabilities:{audio_in:boolean,aux_cpus:[],cpu:{address_bits:number,fpu:boolean,model:number},mmu:{kind:string,present:boolean},nubus:boolean,pci:boolean,video_in:boolean},cdrom_id:number,floppy_slots:[{kind:string,label:string}],freq:number,has_cdrom:boolean,hd_bus:string,id:string,name:string,pci_slots:[],ram_default:number,ram_max:number,ram_options:[number],scsi_slots:[{id:number,label:string}],video_slots:[{cards:[{display_name:string,id:string,monitors:[{depths:[number],height:number,id:string,name:string,width:number}],requires_vrom:boolean}],default_card:string,fixed:boolean,slot:string}]}
pm8500	{builtin_video:{},capabilities:{audio_in:boolean,aux_cpus:[],cpu:{address_bits:number,fpu:boolean,model:number},mmu:{kind:string,present:boolean},nubus:boolean,pci:boolean,video_in:boolean},cdrom_id:number,floppy_slots:[],freq:number,has_cdrom:boolean,hd_bus:string,id:string,name:string,pci_slots:[{bus:number,cards:[{class:string,display_name:string,id:string,monitors:[],options:[],requires_prom:boolean}],default_card:string,device:number,fallback:boolean,fixed:boolean,irq:number,label:string,slot:number}|{bus:number,cards:[{class:string,display_name:string,id:string,monitors:[{depths:[number],height:number,id:string,name:string,width:number}],options:[{default_value:string,key:string,label:string,values:[{id:string,label:string}]}],requires_prom:boolean}],default_card:string,device:number,fallback:boolean,fixed:boolean,irq:number,label:string,slot:number}],ram_default:number,ram_max:number,ram_options:[number],scsi_slots:[{id:number,label:string}],video_slots:[]}
pm9500	{builtin_video:{},capabilities:{audio_in:boolean,aux_cpus:[],cpu:{address_bits:number,fpu:boolean,model:number},mmu:{kind:string,present:boolean},nubus:boolean,pci:boolean,video_in:boolean},cdrom_id:number,floppy_slots:[],freq:number,has_cdrom:boolean,hd_bus:string,id:string,name:string,pci_slots:[{bus:number,cards:[{class:string,display_name:string,id:string,monitors:[],options:[],requires_prom:boolean}],default_card:string,device:number,fallback:boolean,fixed:boolean,irq:number,label:string,slot:number}|{bus:number,cards:[{class:string,display_name:string,id:string,monitors:[{depths:[number],height:number,id:string,name:string,width:number}],options:[{default_value:string,key:string,label:string,values:[{id:string,label:string}]}],requires_prom:boolean}],default_card:string,device:number,fallback:boolean,fixed:boolean,irq:number,label:string,slot:number}],ram_default:number,ram_max:number,ram_options:[number],scsi_slots:[{id:number,label:string}],video_slots:[]}
q660av	{builtin_video:{},capabilities:{audio_in:boolean,aux_cpus:[{arch:string,freq:number,name:string}],cpu:{address_bits:number,fpu:boolean,model:number},mmu:{kind:string,present:boolean},nubus:boolean,pci:boolean,video_in:boolean},cdrom_id:number,floppy_slots:[],freq:number,has_cdrom:boolean,hd_bus:string,id:string,name:string,pci_slots:[],ram_default:number,ram_max:number,ram_options:[number],scsi_slots:[{id:number,label:string}],video_slots:[]}
q700	{builtin_video:{},capabilities:{audio_in:boolean,aux_cpus:[],cpu:{address_bits:number,fpu:boolean,model:number},mmu:{kind:string,present:boolean},nubus:boolean,pci:boolean,video_in:boolean},cdrom_id:number,floppy_slots:[{kind:string,label:string}],freq:number,has_cdrom:boolean,hd_bus:string,id:string,name:string,pci_slots:[],ram_default:number,ram_max:number,ram_options:[number],scsi_slots:[{id:number,label:string}],video_slots:[{cards:[{display_name:string,id:string,monitors:[{depths:[number],height:number,id:string,name:string,width:number}],requires_vrom:boolean}],default_card:string,fixed:boolean,slot:string}]}
q840av	{builtin_video:{},capabilities:{audio_in:boolean,aux_cpus:[{arch:string,freq:number,name:string}],cpu:{address_bits:number,fpu:boolean,model:number},mmu:{kind:string,present:boolean},nubus:boolean,pci:boolean,video_in:boolean},cdrom_id:number,floppy_slots:[],freq:number,has_cdrom:boolean,hd_bus:string,id:string,name:string,pci_slots:[],ram_default:number,ram_max:number,ram_options:[number],scsi_slots:[{id:number,label:string}],video_slots:[]}
q900	{builtin_video:{},capabilities:{audio_in:boolean,aux_cpus:[],cpu:{address_bits:number,fpu:boolean,model:number},mmu:{kind:string,present:boolean},nubus:boolean,pci:boolean,video_in:boolean},cdrom_id:number,floppy_slots:[{kind:string,label:string}],freq:number,has_cdrom:boolean,hd_bus:string,id:string,name:string,pci_slots:[],ram_default:number,ram_max:number,ram_options:[number],scsi_slots:[{id:number,label:string}],video_slots:[{cards:[{display_name:string,id:string,monitors:[{depths:[number],height:number,id:string,name:string,width:number}],requires_vrom:boolean}],default_card:string,fixed:boolean,slot:string}]}
q950	{builtin_video:{},capabilities:{audio_in:boolean,aux_cpus:[],cpu:{address_bits:number,fpu:boolean,model:number},mmu:{kind:string,present:boolean},nubus:boolean,pci:boolean,video_in:boolean},cdrom_id:number,floppy_slots:[{kind:string,label:string}],freq:number,has_cdrom:boolean,hd_bus:string,id:string,name:string,pci_slots:[],ram_default:number,ram_max:number,ram_options:[number],scsi_slots:[{id:number,label:string}],video_slots:[{cards:[{display_name:string,id:string,monitors:[{depths:[number],height:number,id:string,name:string,width:number}],requires_vrom:boolean}],default_card:string,fixed:boolean,slot:string}]}
se30	{builtin_video:{},capabilities:{audio_in:boolean,aux_cpus:[],cpu:{address_bits:number,fpu:boolean,model:number},mmu:{kind:string,present:boolean},nubus:boolean,pci:boolean,video_in:boolean},cdrom_id:number,floppy_slots:[{kind:string,label:string}],freq:number,has_cdrom:boolean,hd_bus:string,id:string,name:string,pci_slots:[],ram_default:number,ram_max:number,ram_options:[number],scsi_slots:[{id:number,label:string}],video_slots:[{cards:[{display_name:string,id:string,monitors:[{depths:[number],height:number,id:string,name:string,width:number}],requires_vrom:boolean}],default_card:string,fixed:boolean,slot:string}]}
