iici	{capabilities:{audio_in:boolean,aux_cpus:[],cpu:{address_bits:number,fpu:boolean,model:number},mmu:{kind:string,present:boolean},nubus:boolean,video_in:boolean},cdrom_id:number,floppy_slots:[{kind:string,label:string}],freq:number,has_cdrom:boolean,hd_bus:string,id:string,name:string,ram_default:number,ram_max:number,ram_options:[number],scsi_slots:[{id:number,label:string}],video_slots:[{cards:[{display_name:string,id:string,monitors:[{depths:[number],height:number,id:string,name:string,width:number}],requires_vrom:boolean}],default_card:string,fixed:boolean,slot:string}]}
iicx	{capabilities:{audio_in:boolean,aux_cpus:[],cpu:{address_bits:number,fpu:boolean,model:number},mmu:{kind:string,present:boolean},nubus:boolean,video_in:boolean},cdrom_id:number,floppy_slots:[{kind:string,label:string}],freq:number,has_cdrom:boolean,hd_bus:string,id:string,name:string,ram_default:number,ram_max:number,ram_options:[number],scsi_slots:[{id:number,label:string}],video_slots:[{cards:[{display_name:string,id:string,monitors:[{depths:[number],height:number,id:string,name:string,width:number}],requires_vrom:boolean}],default_card:string,fixed:boolean,slot:string}]}
iifx	{capabilities:{audio_in:boolean,aux_cpus:[],cpu:{address_bits:number,fpu:boolean,model:number},mmu:{kind:string,present:boolean},nubus:boolean,video_in:boolean},cdrom_id:number,floppy_slots:[{kind:string,label:string}],freq:number,has_cdrom:boolean,hd_bus:string,id:string,name:string,ram_default:number,ram_max:number,ram_options:[number],scsi_slots:[{id:number,label:string}],video_slots:[{cards:[{display_name:string,id:string,monitors:[{depths:[number],height:number,id:string,name:string,width:number}],requires_vrom:boolean}],default_card:string,fixed:boolean,slot:string}]}
iisi	{capabilities:{audio_in:boolean,aux_cpus:[],cpu:{address_bits:number,fpu:boolean,model:number},mmu:{kind:string,present:boolean},nubus:boolean,video_in:boolean},cdrom_id:number,floppy_slots:[{kind:string,label:string}],freq:number,has_cdrom:boolean,hd_bus:string,id:string,name:string,ram_default:number,ram_max:number,ram_options:[number],scsi_slots:[{id:number,label:string}],video_slots:[{cards:[{display_name:string,id:string,monitors:[{depths:[number],height:number,id:string,name:string,width:number}],requires_vrom:boolean}],default_card:string,fixed:boolean,slot:string}]}
iix	{capabilities:{audio_in:boolean,aux_cpus:[],cpu:{address_bits:number,fpu:boolean,model:number},mmu:{kind:string,present:boolean},nubus:boolean,video_in:boolean},cdrom_id:number,floppy_slots:[{kind:string,label:string}],freq:number,has_cdrom:boolean,hd_bus:string,id:string,name:string,ram_default:number,ram_max:number,ram_options:[number],scsi_slots:[{id:number,label:string}],video_slots:[{cards:[{display_name:string,id:string,monitors:[{depths:[number],height:number,id:string,name:string,width:number}],requires_vrom:boolean}],default_card:string,fixed:boolean,slot:string}]}
lisa	{capabilities:{audio_in:boolean,aux_cpus:[],cpu:{address_bits:number,fpu:boolean,model:number},mmu:{kind:string,present:boolean},nubus:boolean,video_in:boolean},cdrom_id:number,floppy_slots:[{kind:string,label:string}],freq:number,has_cdrom:boolean,hd_bus:string,id:string,name:string,ram_default:number,ram_max:number,ram_options:[number],scsi_slots:[],video_slots:[]}
macxl	{capabilities:{audio_in:boolean,aux_cpus:[],cpu:{address_bits:number,fpu:boolean,model:number},mmu:{kind:string,present:boolean},nubus:boolean,video_in:boolean},cdrom_id:number,floppy_slots:[{kind:string,label:string}],freq:number,has_cdrom:boolean,hd_bus:string,id:string,name:string,ram_default:number,ram_max:number,ram_options:[number],scsi_slots:[],video_slots:[]}
plus	{capabilities:{audio_in:boolean,aux_cpus:[],cpu:{address_bits:number,fpu:boolean,model:number},mmu:{kind:string,present:boolean},nubus:boolean,video_in:boolean},cdrom_id:number,floppy_slots:[{kind:string,label:string}],freq:number,has_cdrom:boolean,hd_bus:string,id:string,name:string,ram_default:number,ram_max:number,ram_options:[number],scsi_slots:[{id:number,label:string}],video_slots:[]}
pm6100	{capabilities:{audio_in:boolean,aux_cpus:[],cpu:{address_bits:number,fpu:boolean,model:number},mmu:{kind:string,present:boolean},nubus:boolean,video_in:boolean},cdrom_id:number,floppy_slots:[],freq:number,has_cdrom:boolean,hd_bus:string,id:string,name:string,ram_default:number,ram_max:number,ram_options:[number],scsi_slots:[{id:number,label:string}],video_slots:[]}
pm7100	{capabilities:{audio_in:boolean,aux_cpus:[],cpu:{address_bits:number,fpu:boolean,model:number},mmu:{kind:string,present:boolean},nubus:boolean,video_in:boolean},cdrom_id:number,floppy_slots:[],freq:number,has_cdrom:boolean,hd_bus:string,id:string,name:string,ram_default:number,ram_max:number,ram_options:[number],scsi_slots:[{id:number,label:string}],video_slots:[{cards:[{display_name:string,id:string,monitors:[{depths:[number],height:number,id:string,name:string,width:number}],requires_vrom:boolean}],default_card:string,fixed:boolean,slot:string}]}
pm8100	{capabilities:{audio_in:boolean,aux_cpus:[],cpu:{address_bits:number,fpu:boolean,model:number},mmu:{kind:string,present:boolean},nubus:boolean,video_in:boolean},cdrom_id:number,floppy_slots:[],freq:number,has_cdrom:boolean,hd_bus:string,id:string,name:string,ram_default:number,ram_max:number,ram_options:[number],scsi_slots:[{id:number,label:string}],video_slots:[{cards:[{display_name:string,id:string,monitors:[{depths:[number],height:number,id:string,name:string,width:number}],requires_vrom:boolean}],default_card:string,fixed:boolean,slot:string}]}
q660av	{capabilities:{audio_in:boolean,aux_cpus:[{arch:string,freq:number,name:string}],cpu:{address_bits:number,fpu:boolean,model:number},mmu:{kind:string,present:boolean},nubus:boolean,video_in:boolean},cdrom_id:number,floppy_slots:[],freq:number,has_cdrom:boolean,hd_bus:string,id:string,name:string,ram_default:number,ram_max:number,ram_options:[number],scsi_slots:[{id:number,label:string}],video_slots:[]}
q700	{capabilities:{audio_in:boolean,aux_cpus:[],cpu:{address_bits:number,fpu:boolean,model:number},mmu:{kind:string,present:boolean},nubus:boolean,video_in:boolean},cdrom_id:number,floppy_slots:[{kind:string,label:string}],freq:number,has_cdrom:boolean,hd_bus:string,id:string,name:string,ram_default:number,ram_max:number,ram_options:[number],scsi_slots:[{id:number,label:string}],video_slots:[{cards:[{display_name:string,id:string,monitors:[{depths:[number],height:number,id:string,name:string,width:number}],requires_vrom:boolean}],default_card:string,fixed:boolean,slot:string}]}
q840av	{capabilities:{audio_in:boolean,aux_cpus:[{arch:string,freq:number,name:string}],cpu:{address_bits:number,fpu:boolean,model:number},mmu:{kind:string,present:boolean},nubus:boolean,video_in:boolean},cdrom_id:number,floppy_slots:[],freq:number,has_cdrom:boolean,hd_bus:string,id:string,name:string,ram_default:number,ram_max:number,ram_options:[number],scsi_slots:[{id:number,label:string}],video_slots:[]}
q900	{capabilities:{audio_in:boolean,aux_cpus:[],cpu:{address_bits:number,fpu:boolean,model:number},mmu:{kind:string,present:boolean},nubus:boolean,video_in:boolean},cdrom_id:number,floppy_slots:[{kind:string,label:string}],freq:number,has_cdrom:boolean,hd_bus:string,id:string,name:string,ram_default:number,ram_max:number,ram_options:[number],scsi_slots:[{id:number,label:string}],video_slots:[{cards:[{display_name:string,id:string,monitors:[{depths:[number],height:number,id:string,name:string,width:number}],requires_vrom:boolean}],default_card:string,fixed:boolean,slot:string}]}
q950	{capabilities:{audio_in:boolean,aux_cpus:[],cpu:{address_bits:number,fpu:boolean,model:number},mmu:{kind:string,present:boolean},nubus:boolean,video_in:boolean},cdrom_id:number,floppy_slots:[{kind:string,label:string}],freq:number,has_cdrom:boolean,hd_bus:string,id:string,name:string,ram_default:number,ram_max:number,ram_options:[number],scsi_slots:[{id:number,label:string}],video_slots:[{cards:[{display_name:string,id:string,monitors:[{depths:[number],height:number,id:string,name:string,width:number}],requires_vrom:boolean}],default_card:string,fixed:boolean,slot:string}]}
se30	{capabilities:{audio_in:boolean,aux_cpus:[],cpu:{address_bits:number,fpu:boolean,model:number},mmu:{kind:string,present:boolean},nubus:boolean,video_in:boolean},cdrom_id:number,floppy_slots:[{kind:string,label:string}],freq:number,has_cdrom:boolean,hd_bus:string,id:string,name:string,ram_default:number,ram_max:number,ram_options:[number],scsi_slots:[{id:number,label:string}],video_slots:[{cards:[{display_name:string,id:string,monitors:[{depths:[number],height:number,id:string,name:string,width:number}],requires_vrom:boolean}],default_card:string,fixed:boolean,slot:string}]}
