iici	{capabilities:{cpu:{address_bits:number,fpu:boolean,model:number},mmu:{kind:string,present:boolean},nubus:boolean},cdrom_id:number,floppy_slots:[{kind:string,label:string}],freq:number,has_cdrom:boolean,hd_bus:string,id:string,name:string,needs_vrom:boolean,ram_default:number,ram_max:number,ram_options:[number],scsi_slots:[{id:number,label:string}],video_mode_default:string,video_modes:[{depth_bpp:number,height:number,id:string,label:string,width:number}],video_slots:[{cards:[{display_name:string,id:string,monitors:[{depths:[number],height:number,id:string,name:string,width:number}],requires_vrom:boolean}],default_card:string,fixed:boolean,slot:string}]}
iicx	{capabilities:{cpu:{address_bits:number,fpu:boolean,model:number},mmu:{kind:string,present:boolean},nubus:boolean},cdrom_id:number,floppy_slots:[{kind:string,label:string}],freq:number,has_cdrom:boolean,hd_bus:string,id:string,name:string,needs_vrom:boolean,ram_default:number,ram_max:number,ram_options:[number],scsi_slots:[{id:number,label:string}],video_mode_default:string,video_modes:[{depth_bpp:number,height:number,id:string,label:string,width:number}],video_slots:[{cards:[{display_name:string,id:string,monitors:[{depths:[number],height:number,id:string,name:string,width:number}],requires_vrom:boolean}],default_card:string,fixed:boolean,slot:string}]}
iifx	{capabilities:{cpu:{address_bits:number,fpu:boolean,model:number},mmu:{kind:string,present:boolean},nubus:boolean},cdrom_id:number,floppy_slots:[{kind:string,label:string}],freq:number,has_cdrom:boolean,hd_bus:string,id:string,name:string,needs_vrom:boolean,ram_default:number,ram_max:number,ram_options:[number],scsi_slots:[{id:number,label:string}],video_mode_default:string,video_modes:[{depth_bpp:number,height:number,id:string,label:string,width:number}],video_slots:[{cards:[{display_name:string,id:string,monitors:[{depths:[number],height:number,id:string,name:string,width:number}],requires_vrom:boolean}],default_card:string,fixed:boolean,slot:string}]}
iisi	{capabilities:{cpu:{address_bits:number,fpu:boolean,model:number},mmu:{kind:string,present:boolean},nubus:boolean},cdrom_id:number,floppy_slots:[{kind:string,label:string}],freq:number,has_cdrom:boolean,hd_bus:string,id:string,name:string,needs_vrom:boolean,ram_default:number,ram_max:number,ram_options:[number],scsi_slots:[{id:number,label:string}],video_mode_default:string,video_modes:[{depth_bpp:number,height:number,id:string,label:string,width:number}],video_slots:[{cards:[{display_name:string,id:string,monitors:[{depths:[number],height:number,id:string,name:string,width:number}],requires_vrom:boolean}],default_card:string,fixed:boolean,slot:string}]}
iix	{capabilities:{cpu:{address_bits:number,fpu:boolean,model:number},mmu:{kind:string,present:boolean},nubus:boolean},cdrom_id:number,floppy_slots:[{kind:string,label:string}],freq:number,has_cdrom:boolean,hd_bus:string,id:string,name:string,needs_vrom:boolean,ram_default:number,ram_max:number,ram_options:[number],scsi_slots:[{id:number,label:string}],video_mode_default:string,video_modes:[{depth_bpp:number,height:number,id:string,label:string,width:number}],video_slots:[{cards:[{display_name:string,id:string,monitors:[{depths:[number],height:number,id:string,name:string,width:number}],requires_vrom:boolean}],default_card:string,fixed:boolean,slot:string}]}
lisa	{capabilities:{cpu:{address_bits:number,fpu:boolean,model:number},mmu:{kind:string,present:boolean},nubus:boolean},cdrom_id:number,floppy_slots:[{kind:string,label:string}],freq:number,has_cdrom:boolean,hd_bus:string,id:string,name:string,needs_vrom:boolean,ram_default:number,ram_max:number,ram_options:[number],scsi_slots:[],video_mode_default:string,video_modes:[],video_slots:[]}
macxl	{capabilities:{cpu:{address_bits:number,fpu:boolean,model:number},mmu:{kind:string,present:boolean},nubus:boolean},cdrom_id:number,floppy_slots:[{kind:string,label:string}],freq:number,has_cdrom:boolean,hd_bus:string,id:string,name:string,needs_vrom:boolean,ram_default:number,ram_max:number,ram_options:[number],scsi_slots:[],video_mode_default:string,video_modes:[],video_slots:[]}
plus	{capabilities:{cpu:{address_bits:number,fpu:boolean,model:number},mmu:{kind:string,present:boolean},nubus:boolean},cdrom_id:number,floppy_slots:[{kind:string,label:string}],freq:number,has_cdrom:boolean,hd_bus:string,id:string,name:string,needs_vrom:boolean,ram_default:number,ram_max:number,ram_options:[number],scsi_slots:[{id:number,label:string}],video_mode_default:string,video_modes:[],video_slots:[]}
se30	{capabilities:{cpu:{address_bits:number,fpu:boolean,model:number},mmu:{kind:string,present:boolean},nubus:boolean},cdrom_id:number,floppy_slots:[{kind:string,label:string}],freq:number,has_cdrom:boolean,hd_bus:string,id:string,name:string,needs_vrom:boolean,ram_default:number,ram_max:number,ram_options:[number],scsi_slots:[{id:number,label:string}],video_mode_default:string,video_modes:[],video_slots:[{cards:[{display_name:string,id:string,monitors:[{depths:[number],height:number,id:string,name:string,width:number}],requires_vrom:boolean}],default_card:string,fixed:boolean,slot:string}]}
